[pagead2.googlesyndication.com/pagead/js/f.txt]
[backblue.gif]
[fade.gif]
[index.html]
[maxcdn.bootstrapcdn.com/font-awesome/4.7.0/css/font-awesome.min.css]
[maxcdn.bootstrapcdn.com/bootstrap/4.0.0/css/bootstrap.min.css]
[a7.ae/mobileweb/snapa7.png]
[a.top4top.io/6858485.png]
[a7.ae/mobileweb/a7logo.png]
[a7.ae/img/iosthem.png]
[a7.ae/img/app.png]
[a7.ae/img/Plus.png]
[a7.ae/img/lensstudio.png]
[a7.ae/img/movie.png]
[a7.ae/img/b.png]
[a7.ae/img/lightroom.png]
[a7.ae/img/Shortcuts.png]
[a7.ae/img/snapchat-2.png]
[a7.ae/img/soon.png]
[a7.ae/img/ad.png]
[a7.ae/img/games.png]
[a7.ae/img/californiaclinic.gif]
[a7.ae/mobileweb/b1.png]
[a7.ae/mobileweb/b2.png]
[a7.ae/mobileweb/b3.png]
[a7.ae/mobileweb/b4.png]
[a7.ae/mobileweb/b5.png]
[a7.ae/Pluss/template/images/instagram.png]
[a7.ae/Pluss/template/images/snapchat.png]
[a7.ae/Pluss/template/images/Twitter.png]
[a7.ae/Pluss/template/images/YouTube.png]
[a7.ae/js/jquery.min.js]
[www.snapchat.com/deeplink/static/js/deeplinke117.js]
[code.jquery.com/jquery-3.3.1.min.js]
[a7.ae/js/js.js]
[a7.ae/index.html]
[a7.ae/ramadan/favicon.html]
[maxcdn.bootstrapcdn.com/font-awesome/4.7.0/css/font-awesome.min.css]
[maxcdn.bootstrapcdn.com/bootstrap/4.0.0/css/bootstrap.min.css]
[a7.ae/img/bb.png]
[a7.ae/css/style.css]
[a7.ae/iosthemes/template/images/topr.gif]
[a7.ae/iosthemes/template/images/top.gif]
[a7.ae/iosthemes/template/images/topl.gif]
[a7.ae/iosthemes/template/images/right.gif]
[a7.ae/iosthemes/template/images/logo12.png]
[a7.ae/iosthemes/template/images/left.gif]
[a7.ae/iosthemes/template/images/downr.gif]
[a7.ae/iosthemes/template/images/down.gif]
[a7.ae/iosthemes/template/images/downl.gif]
[a7.ae/iosthemes/template/images/shaba.png]
[a7.ae/iosthemes/template/images/shaba1.png]
[a7.ae/iosthemes/template/images/shaba2.png]
[a7.ae/iosthemes/template/images/shaba3.png]
[a7.ae/ask/template/images/facl.png]
[a7.ae/iosthemes/template/images/1.png]
[a7.ae/iosthemes/template/images/2.png]
[a7.ae/iosthemes/template/images/3.png]
[a7.ae/lens/f.png]
[a7.ae/iosthemes/template/images/3333.png]
[a7.ae/iosthemes/template/images/back.gif]
[d.top4top.io/Un%D8%ABtitled-1.png]
[a7.ae/iosthemes/template/images/facl.png]
[a7.ae/iosthemes/template/Eureka.zip]
[a7.ae/iosthemes/template/images/don.png]
[f.top4top.io/Untitled-1.png]
[a7.ae/iosthemes/template/Nineties.zip]
[h.top4top.io/Untitled-1.png]
[a7.ae/iosthemes/template/Endless.zip]
[i.top4top.io/Untitled-1.png]
[a7.ae/iosthemes/template/EcoGreen.zip]
[j.top4top.io/Untitled-1.png]
[a7.ae/iosthemes/template/DarkTone.zip]
[g.top4top.io/Untitled-1.png]
[a7.ae/iosthemes/template/SoftTouch.zip]
[d.top4top.io/Untitled-1.png]
[a7.ae/iosthemes/template/NeonNight.zip]
[f.top4top.io/Untitled-2.png]
[a7.ae/iosthemes/template/LightTone.zip]
[d.top4top.io/Untitled-2.png]
[a7.ae/iosthemes/template/SpaceOdyssey.zip]
[a7.ae/iosthemes/template/images/YouTube.png]
[a7.ae/iosthemes/template/images/Twitter.png]
[a7.ae/iosthemes/template/images/snapchat.png]
[a7.ae/iosthemes/template/images/instagram.png]
[a7.ae/iosthemes/index.html]
[a7.ae/app/index.html]
[a7.ae/Pluss/index.html]
[a7.ae/lenses/template/images/topr.gif]
[a7.ae/lenses/template/images/top.gif]
[a7.ae/lenses/template/images/topl.gif]
[a7.ae/lenses/template/images/right.gif]
[a7.ae/lenses/template/images/app.png]
[a7.ae/lenses/template/images/left.gif]
[a7.ae/lenses/template/images/downr.gif]
[a7.ae/lenses/template/images/down.gif]
[a7.ae/lenses/template/images/downl.gif]
[a7.ae/lenses/template/images/shaba.png]
[a7.ae/lenses/template/images/shaba1.png]
[a7.ae/lenses/template/images/shaba2.png]
[a7.ae/lenses/template/images/shaba3.png]
[a7.ae/lenses/template/images/back.gif]
[a7.ae/lenses/template/images/aaa.png]
[a7.ae/lenses/template/images/aaaa.png]
[a7.ae/lenses/template/images/loo.png]
[a7.ae/lenses/template/images/facl.png]
[a7.ae/aps/template/images/download.png]
[a7.ae/lenses/template/images/iii.png]
[a7.ae/lenses/template/images/sss.png]
[a7.ae/lenses/template/images/ttt.png]
[a7.ae/lenses/CameraRollA7.png]
[a7.ae/lenses/template/images/YouTube.png]
[a7.ae/lenses/template/images/Twitter.png]
[a7.ae/lenses/template/images/snapchat.png]
[a7.ae/lenses/template/images/instagram.png]
[a7.ae/lenses/index.html]
[a7.ae/movie/index.html]
[a7.ae/b/index.html]
[a7.ae/lightroom/index.html]
[a7.ae/Shortcuts/template/images/topr.gif]
[a7.ae/Shortcuts/template/images/top.gif]
[a7.ae/Shortcuts/template/images/topl.gif]
[a7.ae/Shortcuts/template/images/right.gif]
[a7.ae/Shortcuts/Shortcuts.png]
[a7.ae/Shortcuts/template/images/left.gif]
[a7.ae/Shortcuts/template/images/downr.gif]
[a7.ae/Shortcuts/template/images/down.gif]
[a7.ae/Shortcuts/template/images/downl.gif]
[a7.ae/Shortcuts/template/images/shaba.png]
[a7.ae/Shortcuts/template/images/shaba1.png]
[a7.ae/Shortcuts/template/images/shaba2.png]
[a7.ae/Shortcuts/template/images/shaba3.png]
[a7.ae/Shortcuts/dd.png]
[a7.ae/Shortcuts/f.png]
[a7.ae/Shortcuts/shhes.png]
[a7.ae/Shortcuts/555.png]
[a7.ae/Shortcuts/i121.png]
[a7.ae/Shortcuts/Arabic.png]
[a7.ae/Shortcuts/qibla.png]
[a7.ae/Shortcuts/WhatsApp.png]
[a7.ae/Shortcuts/tr.png]
[a7.ae/Shortcuts/cutt.png]
[a7.ae/Shortcuts/v.png]
[a7.ae/Shortcuts/ggg.png]
[a7.ae/Shortcuts/not.png]
[a7.ae/Shortcuts/nnot.png]
[a7.ae/Shortcuts/bin.png]
[a7.ae/Shortcuts/InstaSave.png]
[a7.ae/Shortcuts/5555.png]
[a7.ae/Shortcuts/DictatetoNotes.png]
[a7.ae/Shortcuts/SMD.png]
[a7.ae/Shortcuts/HomeScreen.png]
[a7.ae/Shortcuts/ScreenshotLong.png]
[a7.ae/Shortcuts/EXIF.png]
[a7.ae/Shortcuts/Safari.png]
[a7.ae/Shortcuts/template/images/YouTube.png]
[a7.ae/Shortcuts/template/images/Twitter.png]
[a7.ae/Shortcuts/template/images/snapchat.png]
[a7.ae/Shortcuts/template/images/instagram.png]
[a7.ae/Shortcuts/index.html]
[a7.ae/snapchat/template/images/topr.gif]
[a7.ae/snapchat/template/images/top.gif]
[a7.ae/snapchat/template/images/topl.gif]
[a7.ae/snapchat/template/images/right.gif]
[a7.ae/snapchat/template/images/logo12.png]
[a7.ae/snapchat/template/images/left.gif]
[a7.ae/snapchat/template/images/downr.gif]
[a7.ae/snapchat/template/images/down.gif]
[a7.ae/snapchat/template/images/downl.gif]
[a7.ae/snapchat/template/images/shaba.png]
[a7.ae/snapchat/template/images/shaba1.png]
[a7.ae/snapchat/template/images/shaba2.png]
[a7.ae/snapchat/template/images/shaba3.png]
[a7.ae/snapchat/template/images/YouTube.png]
[a7.ae/snapchat/template/images/Twitter.png]
[a7.ae/snapchat/template/images/snapchat.png]
[a7.ae/snapchat/template/images/instagram.png]
[a7.ae/snapchat/index.html]
[a7.ae/r/style_files/topr.gif]
[a7.ae/r/style_files/top.gif]
[a7.ae/r/style_files/topl.gif]
[a7.ae/r/style_files/right.gif]
[a7.ae/r/style_files/whatsapp-logo.png]
[a7.ae/r/style_files/left.gif]
[a7.ae/r/style_files/downr.gif]
[a7.ae/r/style_files/down.gif]
[a7.ae/r/style_files/downl.gif]
[a7.ae/r/style_files/shaba.png]
[a7.ae/r/style_files/shaba1.png]
[a7.ae/r/style_files/shaba2.png]
[a7.ae/r/style_files/shaba3.png]
[a7.ae/r/style_files/facl.png]
[a7.ae/r/style_files/back.gif]
[a7.ae/r/whatsapp.png]
[a7.ae/r/ig.png]
[a7.ae/r/tel.png]
[a7.ae/r/twitter.png]
[a7.ae/r/telegram.png]
[a7.ae/r/style_files/YouTube.png]
[a7.ae/r/style_files/Twitter.png]
[a7.ae/r/style_files/snapchat.png]
[a7.ae/r/style_files/instagram.png]
[a7.ae/r/index.html]
[a7.ae/ads/index.html]
[a7.ae/games.html]
[a7.ae/iosthemes/template/style.css]
[a7.ae/iosthemes/entry.html]
[k.top4top.io/Untitled-1.png]
[a7.ae/iosthemes/template/BrightSide.zip]
[f.top4top.io/Untitled-3.png]
[a7.ae/iosthemes/template/Bubble.zip]
[b.top4top.io/Untitled-1.png]
[a7.ae/iosthemes/template/Candy.zip]
[e.top4top.io/Untitled-1.png]
[a7.ae/iosthemes/template/Thnderness.zip]
[c.top4top.io/Untitled-1.png]
[a7.ae/iosthemes/template/Flora.zip]
[h.top4top.io/Untitled-2.png]
[a7.ae/iosthemes/template/AutumnLeaves.zip]
[i.top4top.io/Untitled-2.png]
[a7.ae/iosthemes/template/ColorSplash.zip]
[g.top4top.io/Untitled-2.png]
[a7.ae/iosthemes/template/ArtMuseum.zip]
[i.top4top.io/Untitled-3.png]
[a7.ae/iosthemes/template/Architecture.zip]
[a7.ae/iosthemes/index3381.html]
[e.top4top.io/Untitled-2.png]
[a7.ae/iosthemes/template/Hacker.zip]
[c.top4top.io/Untitled-2.png]
[a7.ae/iosthemes/template/FootballFan.zip]
[f.top4top.io/43.png]
[a7.ae/iosthemes/template/Neo.zip]
[k.top4top.io/Untitled-2.png]
[a7.ae/iosthemes/template/OceanBreeze.zip]
[g.top4top.io/Untitled-3.png]
[a7.ae/iosthemes/template/Inspiration.zip]
[e.top4top.io/Untitled-3.png]
[a7.ae/iosthemes/template/RisingSun.zip]
[i.top4top.io/Untitled-4.png]
[a7.ae/iosthemes/template/TropicalRush.zip]
[b.top4top.io/Untitled-5.png]
[a7.ae/iosthemes/template/Brownie.zip]
[l.top4top.io/%D8%B5%D8%AB.png]
[a7.ae/iosthemes/template/Tech.zip]
[a7.ae/iosthemes/index0d35.html]
[k.top4top.io/ed.png]
[a7.ae/iosthemes/template/Magic.zip]
[g.top4top.io/%D9%A4.png]
[a7.ae/iosthemes/template/Sweet.zip]
[d.top4top.io/Untitlewd-5.png]
[a7.ae/iosthemes/template/ios1.zip]
[a7.ae/iosthemes/index406e.html]
[a7.ae/lenses/template/style.css]
[a7.ae/lenses/entry.html]
[a7.ae/Plus.html]
[a7.ae/lenses/index4bae.html]
[a7.ae/lenses/index33cc.html]
[a7.ae/lenses/index9eec.html]
[a7.ae/lenses/a7.html]
[a7.ae/lenses/a77.html]
[a7.ae/lenses/AlohaA7.html]
[a7.ae/lenses/SoftA7V2.html]
[a7.ae/lenses/Yummy.html]
[a7.ae/lenses/Faz3.html]
[a7.ae/lenses/SoftA7.html]
[a7.ae/lenses/FaceA7.html]
[a7.ae/lenses/BokehA7v5.html]
[a7.ae/lenses/RNIAeroA7.html]
[a7.ae/lenses/TanA7v2.html]
[a7.ae/lenses/BlackToneA7.html]
[a7.ae/lenses/CameraRollA7.html]
[a7.ae/lenses/CoffeeA7V2.html]
[a7.ae/lenses/EffectA7V3.html]
[a7.ae/lenses/SummerA7.html]
[a7.ae/lenses/BabyfaceA7.html]
[a7.ae/Shortcuts/template/style.html]
[a7.ae/Shortcuts/entry.html]
[a7.ae/snapchat/template/style2.css]
[a7.ae/snapchat/entry.html]
[a7.ae/r/style_files/style.css]
[a7.ae/workflow/entry.html]
[a7.ae/iosthemes/index37cc.html]
[a7.ae/lenses/index37cc.html]
[a7.ae/lenses/FrecklesA7.html]
[a7.ae/lenses/Lighta7V5.html]
[a7.ae/lenses/BlackCoalA7.html]
[a7.ae/lenses/CoffeeA7.html]
[a7.ae/lenses/BlurA7.html]
[a7.ae/lenses/BokehEffectPic.html]
[a7.ae/lenses/Lighta7NEW.html]
[a7.ae/lenses/Lighta7V4 .html]
[a7.ae/lenses/CuteFacesA7.html]
[a7.ae/lenses/AiryShadowsA7.html]
[a7.ae/lenses/BokehA7V44.html]
[a7.ae/lenses/BaliA77.html]
[a7.ae/lenses/SunsetA77.html]
[a7.ae/lenses/BROWNDARK1.html]
[a7.ae/lenses/SEASALT1.html]
[a7.ae/lenses/GeofilterA7.html]
[a7.ae/lenses/PRESETA7.html]
[a7.ae/lenses/BrightnessA7.html]
[a7.ae/lenses/a777.html]
[a7.ae/lenses/UploadA7.html]
[a7.ae/lenses/Huji Cam A7.html]
[a7.ae/lenses/TanEffectA7.html]
[a7.ae/lenses/BokehA7NEW.html]
[a7.ae/lenses/EffectA7v2.html]
[a7.ae/lenses/KeyboardA7.html]
[a7.ae/lenses/PhotoAlbumA7.html]
[a7.ae/lenses/a78.html]
[a7.ae/lenses/a7777777777.html]
[a7.ae/lenses/a77777777.html]
[a7.ae/lenses/a7777777.html]
[a7.ae/lenses/a77777.html]
[a7.ae/lenses/a7777.html]
